
> my-v0-project@0.1.0 build C:\Users\sayed\OneDrive\Desktop\sshportfolio
> next build

node.exe : node:inter
nal/modules/cjs/loade
r:1404
At C:\Users\sayed\App
Data\Roaming\npm\pnpm
.ps1:24 char:5
+     & "node$exe"  "
$basedir/node_modules
/pnpm/bin/pnpm.cjs" 
$args
+     ~~~~~~~~~~~~~~~
~~~~~~~~~~~~~~~~~~~~~
~~~~~~~~~~~~~~~~~~~~~
~~~~
    + CategoryInfo   
           : NotSpe  
  cified: (node:in   
 ternal/modules/c    
js/loader:1404:S    
tring) [], Remot    
eException
    + FullyQualified 
   ErrorId : Native  
  CommandError
 
  throw err;
  ^

Error: Cannot find 
module 'styled-jsx/pa
ckage.json'
Require stack:
- C:\Users\sayed\OneD
rive\Desktop\sshportf
olio\node_modules\.pn
pm\next@15.1.3_react-
dom@19.0.0_react@19.0
.0__react@19.0.0\node
_modules\next\dist\se
rver\require-hook.js
- C:\Users\sayed\OneD
rive\Desktop\sshportf
olio\node_modules\.pn
pm\next@15.1.3_react-
dom@19.0.0_react@19.0
.0__react@19.0.0\node
_modules\next\dist\bi
n\next
    at Function._reso
lveFilename (node:int
ernal/modules/cjs/loa
der:1401:15)
    at resolve (node:
internal/modules/help
ers:145:19)
    at 
Object.<anonymous> (C
:\Users\sayed\OneDriv
e\Desktop\sshportfoli
o\node_modules\.pnpm\
next@15.1.3_react-dom
@19.0.0_react@19.0.0_
_react@19.0.0\node_mo
dules\next\dist\serve
r\require-hook.js:38:
32)
    at 
Module._compile (node
:internal/modules/cjs
/loader:1730:14)
    at Object..js (no
de:internal/modules/c
js/loader:1895:10)
    at Module.load (n
ode:internal/modules/
cjs/loader:1465:32)
    at 
Function._load (node:
internal/modules/cjs/
loader:1282:12)
    at TracingChannel
.traceSync (node:diag
nostics_channel:322:1
4)
    at 
wrapModuleLoad (node:
internal/modules/cjs/
loader:235:24)
    at 
Module.require (node:
internal/modules/cjs/
loader:1487:12) {
  code: 
'MODULE_NOT_FOUND',
  requireStack: [
    'C:\\Users\\sayed
\\OneDrive\\Desktop\\
sshportfolio\\node_mo
dules\\.pnpm\\next@15
.1.3_react-dom@19.0.0
_react@19.0.0__react@
19.0.0\\node_modules\
\next\\dist\\server\\
require-hook.js',
    'C:\\Users\\sayed
\\OneDrive\\Desktop\\
sshportfolio\\node_mo
dules\\.pnpm\\next@15
.1.3_react-dom@19.0.0
_react@19.0.0__react@
19.0.0\\node_modules\
\next\\dist\\bin\\nex
t'
  ]
}

Node.js v22.17.1
ΓÇëELIFECYCLEΓÇë Command failed with exit code 1.
